
Running 137 tests using 6 workers

  ok   1 [chromium] › e2e\issue-44-qa-v2.spec.ts:87:7 › issue #44 QA v2 — one presentation (#73 bounce, superseding PR #48), independent checks › calendar event popup (third surface) renders the table for a PARTLESS exam — the surface the original suite only ever checked with a part-carrying subject (2.4s)
  ok   3 [chromium] › e2e\issue-44-qa-v2.spec.ts:108:7 › issue #44 QA v2 — one presentation (#73 bounce, superseding PR #48), independent checks › a section note survives the SECOND layout switch: Biology's FR composition note renders under the section name in the row header, below the printed title (2.6s)
  ok   6 [chromium] › e2e\issue-44-qa-v2.spec.ts:212:7 › evidence — partless Biology (tablet 1024x768, light) (2.5s)
  ok   4 [chromium] › e2e\issue-44-qa-v2.spec.ts:139:7 › issue #44 QA v2 — one presentation (#73 bounce, superseding PR #48), independent checks › a 3-section exam with NO parts (AP Music Theory) gets one table row per section and no nested rows — the case a count-based port would miss (2.6s)
  ok   5 [chromium] › e2e\issue-44-qa-v2.spec.ts:212:7 › evidence — partless Biology (desktop 1920x1080, light) (2.7s)
  ok   2 [chromium] › e2e\issue-44-qa-v2.spec.ts:175:7 › issue #44 QA v2 — one presentation (#73 bounce, superseding PR #48), independent checks › the metadata list keeps its mt-2 gap below the table — for the part-carrying case AND the partless one, which is now the same case (4.4s)
  ok   7 [chromium] › e2e\issue-44-qa-v2.spec.ts:212:7 › evidence — partless Biology (mobile 375x667, light) (2.5s)
  ok  11 [chromium] › e2e\issue-44-qa-v2.spec.ts:244:9 › evidence — music-theory-3-sections-partless (desktop, dark) (2.3s)
  ok   8 [chromium] › e2e\issue-44-qa-v2.spec.ts:244:9 › evidence — biology-partless (desktop, light) (2.6s)
  ok  10 [chromium] › e2e\issue-44-qa-v2.spec.ts:244:9 › evidence — music-theory-3-sections-partless (desktop, light) (2.6s)
  ok   9 [chromium] › e2e\issue-44-qa-v2.spec.ts:244:9 › evidence — biology-partless (desktop, dark) (2.7s)
  ok  12 [chromium] › e2e\issue-44-qa-v2.spec.ts:244:9 › evidence — calculus-ab-table-unchanged (desktop, light) (1.7s)
  ok  15 [chromium] › e2e\issue-44-qa-v3.spec.ts:181:7 › issue #44 QA v3 — one presentation (#73 bounce, superseding PR #48), independent checks › the longest section name in the dataset (AAS Section IB) is wrapped, never truncated — full text rendered, nothing clipped (2.2s)
  ok  16 [chromium] › e2e\issue-44-qa-v3.spec.ts:205:7 › issue #44 QA v3 — one presentation (#73 bounce, superseding PR #48), independent checks › pending badge and omitted question count stay DISTINCT states in AAS's table (issue #73: AAS renders the table now) (2.2s)
  ok  13 [chromium] › e2e\issue-44-qa-v2.spec.ts:244:9 › evidence — calculus-ab-table-unchanged (desktop, dark) (2.8s)
  ok  17 [chromium] › e2e\issue-44-qa-v3.spec.ts:239:7 › issue #44 QA v3 — one presentation (#73 bounce, superseding PR #48), independent checks › the prose block's zone divider does not survive anywhere: a formerly-partless exam (Biology) and a part-carrying one (Calc AB) get the same table-branch metadata spacing (4.1s)
  ok  18 [chromium] › e2e\issue-44-qa-v3.spec.ts:269:7 › issue #44 QA v3 — one presentation (#73 bounce, superseding PR #48), independent checks › the name-vs-value hierarchy still reads in the table — section name left-aligned at full strength, values right-aligned, column headers muted — light AND dark (Biology) (3.6s)
  ok  21 [chromium] › e2e\issue-44-qa-v3.spec.ts:338:7 › issue #44 QA v3 — one presentation (#73 bounce, superseding PR #48), independent checks › calendar event popup (third surface) renders a partless exam's table — one row per section, nothing clipped (2.1s)
  ok  23 [chromium] › e2e\issue-44-qa-v3.spec.ts:370:7 › evidence — partless Biology (tablet 1024x768, light) (1.8s)
  ok  22 [chromium] › e2e\issue-44-qa-v3.spec.ts:370:7 › evidence — partless Biology (desktop 1920x1080, light) (2.4s)
  ok  24 [chromium] › e2e\issue-44-qa-v3.spec.ts:370:7 › evidence — partless Biology (mobile 375x667, light) (2.4s)
  ok  19 [chromium] › e2e\issue-44-qa-v3.spec.ts:306:7 › issue #44 QA v3 — one presentation (#73 bounce, superseding PR #48), independent checks › axe: no serious/critical violations with a partless exam's table open — Biology (light) (5.3s)
  ok  20 [chromium] › e2e\issue-44-qa-v3.spec.ts:321:7 › issue #44 QA v3 — one presentation (#73 bounce, superseding PR #48), independent checks › axe: no serious/critical violations with the 4-component AAS dialog open (dark) (5.3s)
  ok  25 [chromium] › e2e\issue-44-qa-v3.spec.ts:406:11 › evidence — biology-partless (desktop, light) (1.7s)
  ok  26 [chromium] › e2e\issue-44-qa-v3.spec.ts:406:11 › evidence — biology-partless (desktop, dark) (2.1s)
  ok  14 [chromium] › e2e\issue-44-qa-v3.spec.ts:135:7 › issue #44 QA v3 — one presentation (#73 bounce, superseding PR #48), independent checks › clip-detector self-test, then no table cell is clipped at 1920 / 375 / 320 for Biology AND Music Theory, with no horizontal page scroll (9.0s)
  ok  28 [chromium] › e2e\issue-44-qa-v3.spec.ts:406:11 › evidence — biology-partless (mobile, dark) (1.6s)
  ok  29 [chromium] › e2e\issue-44-qa-v3.spec.ts:406:11 › evidence — music-theory-3-sections-partless (desktop, light) (1.7s)
  ok  31 [chromium] › e2e\issue-44-qa-v3.spec.ts:406:11 › evidence — music-theory-3-sections-partless (mobile, light) (2.1s)
  ok  27 [chromium] › e2e\issue-44-qa-v3.spec.ts:406:11 › evidence — biology-partless (mobile, light) (3.8s)
  ok  32 [chromium] › e2e\issue-44-qa-v3.spec.ts:406:11 › evidence — music-theory-3-sections-partless (mobile, dark) (2.1s)
  ok  30 [chromium] › e2e\issue-44-qa-v3.spec.ts:406:11 › evidence — music-theory-3-sections-partless (desktop, dark) (3.1s)
  ok  33 [chromium] › e2e\issue-44-qa-v3.spec.ts:406:11 › evidence — calculus-ab-table-unchanged (desktop, light) (2.1s)
  ok  34 [chromium] › e2e\issue-44-qa-v3.spec.ts:406:11 › evidence — calculus-ab-table-unchanged (desktop, dark) (2.0s)
  ok  37 [chromium] › e2e\issue-44-qa-v4.spec.ts:235:7 › issue #44 v4 — one vertical rhythm after the #73 one-presentation port › AC1 — dark theme: the rhythm contract holds and section-row hairlines still share the metadata rows' token (Music Theory, desktop, dark) (2.3s)
  ok  39 [chromium] › e2e\issue-44-qa-v4.spec.ts:255:7 › issue #44 v4 — one vertical rhythm after the #73 one-presentation port › AC2/AC5 — a part-carrying exam (Calc AB) keeps the same section rhythm, and its part rows stay subordinate: tighter padding AND a deeper indent than their section row (2.2s)
  ok  35 [chromium] › e2e\issue-44-qa-v4.spec.ts:210:7 › issue #44 v4 — one vertical rhythm after the #73 one-presentation port › AC1/AC2 — AP Biology (2 sections, no parts): section rows sit on the metadata rows' own 10px rhythm under one hairline token, with no leftover zone divider (desktop, light) (2.5s)
  ok  36 [chromium] › e2e\issue-44-qa-v4.spec.ts:226:7 › issue #44 v4 — one vertical rhythm after the #73 one-presentation port › AC2 — AP Music Theory (3 sections, no parts): the SAME rhythm contract holds on every row of a multi-section exam (desktop, light) (2.5s)
  ok  38 [chromium] › e2e\issue-44-qa-v4.spec.ts:246:7 › issue #44 v4 — one vertical rhythm after the #73 one-presentation port › AC1/AC4 — mobile 375: the rendered distances are viewport-independent (Biology, light) (2.4s)
  ok  40 [chromium] › e2e\issue-44-qa-v4.spec.ts:286:7 › evidence — partless Biology, one rhythm (desktop 1920x1080, light) (2.5s)
  ok  45 [chromium] › e2e\issue-44-qa-v4.spec.ts:322:11 › evidence — biology-partless (mobile, light) (2.1s)
  ok  42 [chromium] › e2e\issue-44-qa-v4.spec.ts:286:7 › evidence — partless Biology, one rhythm (mobile 375x667, light) (2.3s)
  ok  41 [chromium] › e2e\issue-44-qa-v4.spec.ts:286:7 › evidence — partless Biology, one rhythm (tablet 1024x768, light) (2.4s)
  ok  46 [chromium] › e2e\issue-44-qa-v4.spec.ts:322:11 › evidence — biology-partless (mobile, dark) (1.9s)
  ok  43 [chromium] › e2e\issue-44-qa-v4.spec.ts:322:11 › evidence — biology-partless (desktop, light) (2.6s)
  ok  44 [chromium] › e2e\issue-44-qa-v4.spec.ts:322:11 › evidence — biology-partless (desktop, dark) (2.8s)
  ok  50 [chromium] › e2e\issue-44-qa-v4.spec.ts:322:11 › evidence — music-theory-3-sections-partless (mobile, dark) (2.4s)
  ok  49 [chromium] › e2e\issue-44-qa-v4.spec.ts:322:11 › evidence — music-theory-3-sections-partless (mobile, light) (2.4s)
  ok  52 [chromium] › e2e\issue-44-qa-v4.spec.ts:322:11 › evidence — calculus-ab-table-unchanged (desktop, dark) (2.0s)
  ok  47 [chromium] › e2e\issue-44-qa-v4.spec.ts:322:11 › evidence — music-theory-3-sections-partless (desktop, light) (2.7s)
  ok  48 [chromium] › e2e\issue-44-qa-v4.spec.ts:322:11 › evidence — music-theory-3-sections-partless (desktop, dark) (2.8s)
  ok  51 [chromium] › e2e\issue-44-qa-v4.spec.ts:322:11 › evidence — calculus-ab-table-unchanged (desktop, light) (2.5s)
  ok  54 [chromium] › e2e\issue-44-qa.spec.ts:151:7 › issue #44 — per-section exam details › AC2 — a portfolio-only subject (AP Drawing) renders NO section table and no exam-format rows; its portfolio block carries the story (2.6s)
  ok  57 [chromium] › e2e\issue-44-qa.spec.ts:256:7 › issue #44 — per-section exam details › AC13 — genuinely unpublished values degrade to a visible 'pending' badge; the row keeps its name, count, and published note (2.4s)
  ok  56 [chromium] › e2e\issue-44-qa.spec.ts:222:7 › issue #44 — per-section exam details › AC4/AC14 — AP Chinese renders its published ranges verbatim, in the page's printed section order, and 'Exam length' stays the published total (never a section sum) (2.6s)
  ok  58 [chromium] › e2e\issue-44-qa.spec.ts:274:7 › issue #44 — per-section exam details › AC3/AC13 — omission and 'pending' are distinct states in one row (AAS Individual Student Project: no printed question count vs unpublished minutes) (2.4s)
  ok  53 [chromium] › e2e\issue-44-qa.spec.ts:104:7 › issue #44 — per-section exam details › AC3/AC11 — AP Seminar has NO multiple-choice row: its three published components render with College Board's names and printed nested weights, and omission is never shown as 'pending' (2.9s)
  ok  55 [chromium] › e2e\issue-44-qa.spec.ts:176:7 › issue #44 — per-section exam details › AC12/AC7 — Calculus AB nests its published Part A/B rows beneath each section, visually subordinate and programmatically associated with the parent (2.7s)
  ok  62 [chromium] › e2e\issue-44-qa.spec.ts:429:7 › issue #44 — per-section exam details › AC15/AC16 — mobile Tier-2 details (375×667) render the table with no horizontal scroll, including at 320px (2.2s)
  ok  61 [chromium] › e2e\issue-44-qa.spec.ts:409:7 › issue #44 — per-section exam details › AC15 — the calendar event popup shares the same sections table (2.3s)
  ok  59 [chromium] › e2e\issue-44-qa.spec.ts:318:7 › issue #44 — per-section exam details › Jon's #73 bounce — an exam with NO published parts (AP Biology) renders the SAME table as a part-carrying exam: exactly one row per section, no nested or placeholder rows, and the prose presentation is gone (2.5s)
  ok  64 [chromium] › e2e\issue-44-qa.spec.ts:487:7 › evidence — multi-part Calculus AB (desktop 1920x1080, light) (2.4s)
  ok  60 [chromium] › e2e\issue-44-qa.spec.ts:370:7 › issue #44 — per-section exam details › Jon's #73 bounce — mobile Tier-2 (375×667 and 320px): a partless exam's table fits with no horizontal scroll, and the dataset's longest College Board section name wraps instead of clipping (2.6s)
  ok  66 [chromium] › e2e\issue-44-qa.spec.ts:487:7 › evidence — multi-part Calculus AB (mobile 375x667, light) (2.2s)
  ok  65 [chromium] › e2e\issue-44-qa.spec.ts:487:7 › evidence — multi-part Calculus AB (tablet 1024x768, light) (2.4s)
  ok  69 [chromium] › e2e\issue-44-qa.spec.ts:526:9 › evidence — portfolio-drawing (desktop, light) (2.2s)
  ok  67 [chromium] › e2e\issue-44-qa.spec.ts:526:9 › evidence — chinese-range (desktop, light) (2.5s)
  ok  68 [chromium] › e2e\issue-44-qa.spec.ts:526:9 › evidence — chinese-range (desktop, dark) (2.3s)
  ok  63 [chromium] › e2e\issue-44-qa.spec.ts:446:7 › issue #44 — per-section exam details › AC16 — real table semantics (caption + scoped headers) and zero serious/critical axe violations with the dialog open (4.9s)
  ok  70 [chromium] › e2e\issue-44-qa.spec.ts:526:9 › evidence — portfolio-drawing (desktop, dark) (2.5s)
  ok  71 [chromium] › e2e\issue-44-qa.spec.ts:526:9 › evidence — seminar-no-mc (desktop, light) (2.5s)
  ok  75 [chromium] › e2e\issue-45-qa-v3.spec.ts:194:7 › issue #45 — corrected counts + durations + statistics frqType render in InfoPanel › AC5 — AP Statistics' free-response section note shows the sourced Section-II composition (no investigative task, no pending) (2.2s)
  ok  72 [chromium] › e2e\issue-44-qa.spec.ts:526:9 › evidence — seminar-no-mc (desktop, dark) (2.6s)
  ok  73 [chromium] › e2e\issue-44-qa.spec.ts:542:5 › evidence — multi-part Calculus AB (desktop, dark) (2.6s)
  ok  80 [chromium] › e2e\issue-45-qa-v3.spec.ts:216:9 › issue #45 — corrected counts + durations + statistics frqType render in InfoPanel › AC5 evidence — AP Statistics exam-details popup (mobile 375x667) (1.8s)
  ok  79 [chromium] › e2e\issue-45-qa-v3.spec.ts:235:9 › issue #45 — corrected counts + durations + statistics frqType render in InfoPanel › AC5 evidence — AP French exam-details popup (tablet 1024x768) (2.0s)
  ok  77 [chromium] › e2e\issue-45-qa-v3.spec.ts:235:9 › issue #45 — corrected counts + durations + statistics frqType render in InfoPanel › AC5 evidence — AP French exam-details popup (desktop 1920x1080) (2.2s)
  ok  78 [chromium] › e2e\issue-45-qa-v3.spec.ts:216:9 › issue #45 — corrected counts + durations + statistics frqType render in InfoPanel › AC5 evidence — AP Statistics exam-details popup (tablet 1024x768) (2.2s)
  ok  76 [chromium] › e2e\issue-45-qa-v3.spec.ts:216:9 › issue #45 — corrected counts + durations + statistics frqType render in InfoPanel › AC5 evidence — AP Statistics exam-details popup (desktop 1920x1080) (2.5s)
  ok  74 [chromium] › e2e\issue-45-qa-v3.spec.ts:141:7 › issue #45 — corrected counts + durations + statistics frqType render in InfoPanel › AC5 — all seven subjects' catalog exam-details popup shows the corrected counts, frqType, and length; none pending (4.9s)
  ok  86 [chromium] › e2e\issue-6-exam-info-panel.spec.ts:152:7 › issue #6 — exam info panel › AC4 — portfolio subjects show the portfolio's weight (% of final) and deadline in the panel (2.2s)
  ok  85 [chromium] › e2e\issue-6-exam-info-panel.spec.ts:131:7 › issue #6 — exam info panel › AC3 — a 'pending' value renders as a visible muted badge, never blank or fabricated (2.5s)
  ok  83 [chromium] › e2e\issue-6-exam-info-panel.spec.ts:65:7 › issue #6 — exam info panel › AC1 — each chip has a details affordance distinct from the select toggle that opens the panel without selecting (2.6s)
  ok  81 [chromium] › e2e\issue-45-qa-v3.spec.ts:235:9 › issue #45 — corrected counts + durations + statistics frqType render in InfoPanel › AC5 evidence — AP French exam-details popup (mobile 375x667) (2.7s)
  ok  84 [chromium] › e2e\issue-6-exam-info-panel.spec.ts:98:7 › issue #6 — exam info panel › AC2 — panel shows per-section questions|length|weight rows (issue #44), length as h/min, calculator, delivery, and the pass rate labeled 'scored 3 or higher' (2.7s)
  ok  82 [chromium] › e2e\issue-45-qa-v3.spec.ts:256:7 › issue #45 — corrected counts + durations + statistics frqType render in InfoPanel › AC5 evidence — AP French calendar event popup renders the corrected 2 h 30 min (3.0s)
  ok  92 [chromium] › e2e\issue-73-one-presentation.spec.ts:75:7 › issue #73 bounce — one presentation for every exam › the dataset itself still matches the bounce's scope: 18 partless subjects including the 3-section AP Music Theory, and 5 portfolio-only subjects with no sections (3ms)
  ok  88 [chromium] › e2e\issue-6-exam-info-panel.spec.ts:203:7 › issue #6 — exam info panel › AC6 — at 375px the panel is a full-width sheet with no horizontal scroll (2.5s)
  ok  91 [chromium] › e2e\issue-6-exam-info-panel.spec.ts:239:7 › evidence — info panel open (mobile 375x667) (2.4s)
  ok  90 [chromium] › e2e\issue-6-exam-info-panel.spec.ts:239:7 › evidence — info panel open (tablet 1024x768) (2.6s)
  ok  89 [chromium] › e2e\issue-6-exam-info-panel.spec.ts:239:7 › evidence — info panel open (desktop 1920x1080) (2.8s)
  ok  87 [chromium] › e2e\issue-6-exam-info-panel.spec.ts:169:7 › issue #6 — exam info panel › AC5 — accessible: focus moves in on open, Escape and close button dismiss, focus returns, scroll locked while open (2.9s)
  ok  94 [chromium] › e2e\issue-73-one-presentation.spec.ts:124:7 › issue #73 bounce — one presentation for every exam › the 5 portfolio-only subjects still render NO table — 'every exam gets the table' must not become 'every subject gets one' (3.3s)
  ok  96 [chromium] › e2e\issue-73-one-presentation.spec.ts:178:7 › issue #73 bounce — one presentation for every exam › honest degradation survives the port per cell: a published range renders verbatim, 'pending' shows the badge, and an omitted value shows the not-published dash — three distinct states, none collapsed (3.5s)
  ok  95 [chromium] › e2e\issue-73-one-presentation.spec.ts:141:7 › issue #73 bounce — one presentation for every exam › the two subjects Jon named by hand present identically to AP Calculus BC: same caption, same four column headers, same scoped row headers (4.9s)
  ok  99 [chromium] › e2e\issue-73-qa-v2.spec.ts:238:7 › issue #73 bounce (QA v2) — one presentation, honestly degraded › bounce AC3 — omission and pending stay two states in AT output, not one blank: AAS Individual Student Project reads 'none published' for questions and a pending badge for length (1.7s)
  ok 100 [chromium] › e2e\issue-73-qa-v2.spec.ts:272:7 › issue #73 bounce (QA v2) — one presentation, honestly degraded › bounce AC4 — the a11y contract the dt/dd pairing used to give the newly-tabled subjects: same caption, four column headers, a scoped row header on every row, and the sr-only section prefix still scoping part rows (3.1s)
  ok 101 [chromium] › e2e\issue-73-qa-v2.spec.ts:334:7 › issue #73 bounce (QA v2) — one presentation, honestly degraded › bounce AC5 — the longest College Board section names wrap instead of clipping at 320px, and neither the dialog nor the page scrolls sideways (3.2s)
  ok 102 [chromium] › e2e\issue-73-qa-v2.spec.ts:441:7 › issue #73 bounce (QA v2) — one presentation, honestly degraded › bounce AC4 — axe: no serious/critical violations with a newly-tabled dialog open (AP Human Geography, light) (4.4s)
  ok 104 [chromium] › e2e\issue-73-qa-v2.spec.ts:470:7 › issue #73 bounce (QA v2) — one presentation, honestly degraded › the third surface agrees: a newly-tabled exam's calendar event popup renders the same table, not the prose block (1.4s)
  ok 103 [chromium] › e2e\issue-73-qa-v2.spec.ts:455:7 › issue #73 bounce (QA v2) — one presentation, honestly degraded › bounce AC4 — axe: no serious/critical violations with the 3-section AP Music Theory dialog open (dark) (4.2s)
  ok 105 [chromium] › e2e\issue-73-qa-v2.spec.ts:499:13 › issue #73 bounce (QA v2) — one presentation, honestly degraded › visual evidence — the bounce's four named subjects, light and dark › evidence — human-geography exam details (light) (1.9s)
  ok 106 [chromium] › e2e\issue-73-qa-v2.spec.ts:499:13 › issue #73 bounce (QA v2) — one presentation, honestly degraded › visual evidence — the bounce's four named subjects, light and dark › evidence — english-language exam details (light) (1.8s)
  ok  93 [chromium] › e2e\issue-73-one-presentation.spec.ts:86:7 › issue #73 bounce — one presentation for every exam › EVERY subject with at least one section renders the sections table — no exam renders the prose-block presentation (13.9s)
  ok 107 [chromium] › e2e\issue-73-qa-v2.spec.ts:499:13 › issue #73 bounce (QA v2) — one presentation, honestly degraded › visual evidence — the bounce's four named subjects, light and dark › evidence — music-theory exam details (light) (2.1s)
  ok 108 [chromium] › e2e\issue-73-qa-v2.spec.ts:499:13 › issue #73 bounce (QA v2) — one presentation, honestly degraded › visual evidence — the bounce's four named subjects, light and dark › evidence — calculus-bc exam details (light) (2.2s)
  ok 110 [chromium] › e2e\issue-73-qa-v2.spec.ts:499:13 › issue #73 bounce (QA v2) — one presentation, honestly degraded › visual evidence — the bounce's four named subjects, light and dark › evidence — english-language exam details (dark) (2.0s)
  ok 109 [chromium] › e2e\issue-73-qa-v2.spec.ts:499:13 › issue #73 bounce (QA v2) — one presentation, honestly degraded › visual evidence — the bounce's four named subjects, light and dark › evidence — human-geography exam details (dark) (2.3s)
  ok  97 [chromium] › e2e\issue-73-qa-v2.spec.ts:150:7 › issue #73 bounce (QA v2) — one presentation, honestly degraded › bounce AC1 — every subject on Jon's bounce list renders the table, and the PR #48 prose block survives in no form: no dl row carries a section name, no stat phrase, no zone divider (14.0s)
  ok 111 [chromium] › e2e\issue-73-qa-v2.spec.ts:499:13 › issue #73 bounce (QA v2) — one presentation, honestly degraded › visual evidence — the bounce's four named subjects, light and dark › evidence — music-theory exam details (dark) (1.9s)
  ok 114 [chromium] › e2e\issue-73-qa-v2.spec.ts:517:11 › issue #73 bounce (QA v2) — one presentation, honestly degraded › visual evidence — the bounce's four named subjects, light and dark › evidence — AP Human Geography at tablet 1024x768 (2.0s)
  ok 115 [chromium] › e2e\issue-73-qa-v2.spec.ts:517:11 › issue #73 bounce (QA v2) — one presentation, honestly degraded › visual evidence — the bounce's four named subjects, light and dark › evidence — AP Human Geography at mobile 375x667 (1.7s)
  ok 112 [chromium] › e2e\issue-73-qa-v2.spec.ts:499:13 › issue #73 bounce (QA v2) — one presentation, honestly degraded › visual evidence — the bounce's four named subjects, light and dark › evidence — calculus-bc exam details (dark) (2.5s)
  ok 113 [chromium] › e2e\issue-73-qa-v2.spec.ts:517:11 › issue #73 bounce (QA v2) — one presentation, honestly degraded › visual evidence — the bounce's four named subjects, light and dark › evidence — AP Human Geography at desktop 1920x1080 (2.7s)
  ok 116 [chromium] › e2e\issue-73-qa-v2.spec.ts:517:11 › issue #73 bounce (QA v2) — one presentation, honestly degraded › visual evidence — the bounce's four named subjects, light and dark › evidence — AP Human Geography at narrow 320x640 (1.5s)
  ok 118 [chromium] › e2e\issue-73-qa.spec.ts:127:7 › issue #73 — printed section titles + per-part weights › AC2 — a section-denominated weight renders VERBATIM and never as a bare exam percent (AP Macroeconomics) (2.5s)
  ok 121 [chromium] › e2e\issue-73-qa.spec.ts:200:7 › issue #73 — printed section titles + per-part weights › AC8 — AP Art History reaches structural parity with Calculus BC but keeps six honest dashes: its Section II 50% is never divided by six (1.9s)
  ok 117 [chromium] › e2e\issue-73-qa.spec.ts:97:7 › issue #73 — printed section titles + per-part weights › AC2 — exam-denominated part weights render as N% on AP Calculus BC; the hardcoded dash is gone (2.6s)
  ok 119 [chromium] › e2e\issue-73-qa.spec.ts:152:7 › issue #73 — printed section titles + per-part weights › AC10 — AP Seminar's nested weights render verbatim; the multiplied-out 13.5% / 31.5% are gone (2.4s)
  ok 123 [chromium] › e2e\issue-73-qa.spec.ts:253:7 › issue #73 — printed section titles + per-part weights › AC15 — every populated part weight traces to a printed value in the committed capture (no invented weights) (18ms)
  ok 120 [chromium] › e2e\issue-73-qa.spec.ts:177:7 › issue #73 — printed section titles + per-part weights › D3 — AP Japanese and AP Chinese model Questions 3 and 4 identically: two 7.5% rows, no summed 15% (2.4s)
  ok 122 [chromium] › e2e\issue-73-qa.spec.ts:226:7 › issue #73 — printed section titles + per-part weights › AC5 — no subject uses a bare 'Multiple Choice' / 'Free Response' title or the Arabic 'Section 1:' form (2.2s)
  ok 124 [chromium] › e2e\issue-73-qa.spec.ts:299:7 › issue #73 — printed section titles + per-part weights › AC3 — the .ics DESCRIPTION carries part weights in the same third slot the section row uses (2.3s)
  ok 126 [chromium] › e2e\issue-73-qa.spec.ts:336:13 › issue #73 — printed section titles + per-part weights › visual evidence — the four weight states, light and dark › evidence — macroeconomics exam details (light) (2.3s)
  ok 125 [chromium] › e2e\issue-73-qa.spec.ts:336:13 › issue #73 — printed section titles + per-part weights › visual evidence — the four weight states, light and dark › evidence — calculus-bc exam details (light) (2.4s)
  ok 127 [chromium] › e2e\issue-73-qa.spec.ts:336:13 › issue #73 — printed section titles + per-part weights › visual evidence — the four weight states, light and dark › evidence — seminar exam details (light) (2.2s)
  ok 130 [chromium] › e2e\issue-73-qa.spec.ts:336:13 › issue #73 — printed section titles + per-part weights › visual evidence — the four weight states, light and dark › evidence — calculus-bc exam details (dark) (2.1s)
  ok 129 [chromium] › e2e\issue-73-qa.spec.ts:336:13 › issue #73 — printed section titles + per-part weights › visual evidence — the four weight states, light and dark › evidence — art-history exam details (light) (2.1s)
  ok 132 [chromium] › e2e\issue-73-qa.spec.ts:336:13 › issue #73 — printed section titles + per-part weights › visual evidence — the four weight states, light and dark › evidence — seminar exam details (dark) (2.0s)
  ok 128 [chromium] › e2e\issue-73-qa.spec.ts:336:13 › issue #73 — printed section titles + per-part weights › visual evidence — the four weight states, light and dark › evidence — japanese exam details (light) (2.4s)
  ok 131 [chromium] › e2e\issue-73-qa.spec.ts:336:13 › issue #73 — printed section titles + per-part weights › visual evidence — the four weight states, light and dark › evidence — macroeconomics exam details (dark) (2.2s)
  ok 137 [chromium] › e2e\issue-73-qa.spec.ts:353:11 › issue #73 — printed section titles + per-part weights › visual evidence — the four weight states, light and dark › evidence — AP Calculus BC part weights at mobile 375x667 (2.0s)
  ok 136 [chromium] › e2e\issue-73-qa.spec.ts:353:11 › issue #73 — printed section titles + per-part weights › visual evidence — the four weight states, light and dark › evidence — AP Calculus BC part weights at tablet 1024x768 (2.2s)
  ok 135 [chromium] › e2e\issue-73-qa.spec.ts:353:11 › issue #73 — printed section titles + per-part weights › visual evidence — the four weight states, light and dark › evidence — AP Calculus BC part weights at desktop 1920x1080 (2.3s)
  ok 133 [chromium] › e2e\issue-73-qa.spec.ts:336:13 › issue #73 — printed section titles + per-part weights › visual evidence — the four weight states, light and dark › evidence — japanese exam details (dark) (2.3s)
  ok 134 [chromium] › e2e\issue-73-qa.spec.ts:336:13 › issue #73 — printed section titles + per-part weights › visual evidence — the four weight states, light and dark › evidence — art-history exam details (dark) (2.3s)
  ok  98 [chromium] › e2e\issue-73-qa-v2.spec.ts:201:7 › issue #73 bounce (QA v2) — one presentation, honestly degraded › bounce AC3 — never a blank cell: every value cell of every section and part row, across every sit-down subject, renders something (26.5s)

  137 passed (1.2m)
