
> ap-exam-planner@0.1.0 build C:\Users\jonat\repos\AP-Exam-Planner\AP-Exam-Planner\.worktrees\issue-104-qa
> next build

▲ Next.js 16.2.10 (Turbopack)

  Creating an optimized production build ...
✓ Compiled successfully in 5.2s
  Running TypeScript ...
  Finished TypeScript in 11.1s ...
  Collecting page data using 8 workers ...
  Generating static pages using 8 workers (0/7) ...
  Generating static pages using 8 workers (1/7) 
  Generating static pages using 8 workers (3/7) 
  Generating static pages using 8 workers (5/7) 
✓ Generating static pages using 8 workers (7/7) in 1504ms
  Finalizing page optimization ...

Route (app)
┌ ○ /
├ ○ /_not-found
├ ○ /icon.svg
├ ○ /opengraph-image.png
├ ○ /robots.txt
└ ○ /sitemap.xml


○  (Static)  prerendered as static content

