
Running 24 tests using 3 workers

  ok  2 [chromium] › e2e\issue-71-exam-note.spec.ts:79:7 › issue #71 AC6 — published exam qualifier on the schedule surfaces › List view leaves an unqualified exam row alone (no empty note element) (1.0s)
  ok  1 [chromium] › e2e\issue-71-exam-note.spec.ts:59:7 › issue #71 AC6 — published exam qualifier on the schedule surfaces › List view prints the verbatim qualifier on the exam row (1.2s)
  ok  3 [chromium] › e2e\issue-71-exam-note.spec.ts:92:7 › issue #71 AC6 — published exam qualifier on the schedule surfaces › Calendar block carries the marker on its face and the verbatim text in its accessible name (1.3s)
  ok  4 [chromium] › e2e\issue-71-exam-note.spec.ts:120:7 › issue #71 AC6 — published exam qualifier on the schedule surfaces › Activating the calendar block opens the details dialog with the verbatim qualifier (863ms)
  ok  5 [chromium] › e2e\issue-71-exam-note.spec.ts:134:7 › issue #71 AC6 — published exam qualifier on the schedule surfaces › .ics DESCRIPTION and .txt line both carry the verbatim qualifier (1.3s)
  x   6 [chromium] › e2e\issue-71-exam-note.spec.ts:176:9 › issue #71 AC6 — published exam qualifier on the schedule surfaces › evidence — List and Calendar qualifier at desktop 1920x1080 with no horizontal overflow (1.0s)
  ok  9 [chromium] › e2e\issue-71-qa.spec.ts:187:7 › issue #71 QA — published qualifier on every schedule surface › fixture guard — the dataset still supplies a qualified exam and a same-slot partner (8ms)
  x   8 [chromium] › e2e\issue-71-exam-note.spec.ts:176:9 › issue #71 AC6 — published exam qualifier on the schedule surfaces › evidence — List and Calendar qualifier at mobile 375x667 with no horizontal overflow (2.4s)
  x   7 [chromium] › e2e\issue-71-exam-note.spec.ts:176:9 › issue #71 AC6 — published exam qualifier on the schedule surfaces › evidence — List and Calendar qualifier at tablet 1024x768 with no horizontal overflow (3.1s)
  ok 10 [chromium] › e2e\issue-71-qa.spec.ts:199:7 › issue #71 QA — published qualifier on every schedule surface › AC6-QA1 — the rasterized list-view .png prints the verbatim qualifier (not just the card model) (1.2s)
  ok 13 [chromium] › e2e\issue-71-qa.spec.ts:318:7 › issue #71 QA — published qualifier on every schedule surface › AC6-QA4 — the qualifier is disclosed in dark theme too (1.0s)
  ok 11 [chromium] › e2e\issue-71-qa.spec.ts:231:7 › issue #71 QA — published qualifier on every schedule surface › AC6-QA2 — the rasterized calendar-view .png prints the qualifier in a notes strip (1.6s)
  ok 12 [chromium] › e2e\issue-71-qa.spec.ts:259:7 › issue #71 QA — published qualifier on every schedule surface › AC6-QA3 — the qualifier follows the exam when conflict resolution moves it to late testing (1.7s)
[WebServer] [browser] A tree hydrated but some attributes of the server rendered HTML didn't match the client properties. This won't be patched up. This can happen if a SSR-ed Client Component used:
[WebServer] 
[WebServer] - A server/client branch `if (typeof window !== 'undefined')`.
[WebServer] - Variable input such as `Date.now()` or `Math.random()` which changes each time it's called.
[WebServer] - Date formatting in a user's locale which doesn't match the server.
[WebServer] - External changing data without sending a snapshot of it along with the HTML.
[WebServer] - Invalid HTML tag nesting.
[WebServer] 
[WebServer] It can also happen if the client has a browser extension installed which messes with the HTML before React loaded.
[WebServer] 
[WebServer] https://react.dev/link/hydration-mismatch
[WebServer] 
[WebServer]   ...
[WebServer]     <LoadingBoundary name="/" loading={null}>
[WebServer]       <HTTPAccessFallbackBoundary notFound={{...}} forbidden={undefined} unauthorized={undefined}>
[WebServer]         <HTTPAccessFallbackErrorBoundary pathname="/" notFound={{...}} forbidden={undefined} unauthorized={undefined} ...>
[WebServer]           <RedirectBoundary>
[WebServer]             <RedirectErrorBoundary router={{...}}>
[WebServer]               <InnerLayoutRouter url="/" tree={[...]} params={{}} cacheNode={{rsc:{...}, ...}} segmentPath={[...]} ...>
[WebServer]                 <SegmentViewNode type="page" pagePath="page.tsx">
[WebServer]                   <SegmentTrieNode>
[WebServer]                   <Home>
[WebServer]                     <div data-scroll-lock-anchor={true} className="mx-auto fl...">
[WebServer]                       <Sidebar>
[WebServer]                       <main className="flex min-w..." aria-label="Exam planner">
[WebServer]                         <CatalogGrid>
[WebServer]                           <section aria-label="Subject ca..." className="flex flex-...">
[WebServer]                             <div className="flex flex-...">
[WebServer]                               <div className="flex flex-...">
[WebServer]                                 <label>
[WebServer]                                 <input
[WebServer]                                   id="subject-search"
[WebServer]                                   type="search"
[WebServer]                                   value=""
[WebServer]                                   onChange={function onChange}
[WebServer]                                   placeholder="e.g. bio"
[WebServer]                                   autoComplete="off"
[WebServer]                                   className="min-h-11 w-full rounded-lg border border-slate-300 bg-white px-3 py-2 tex..."
[WebServer] -                                 style={{caret-color:"transparent"}}
[WebServer]                                 >
[WebServer]                               ...
[WebServer]                             ...
[WebServer]                         ...
[WebServer]                 ...
[WebServer]               ...
[WebServer]  
  ok 15 [chromium] › e2e\issue-71-qa.spec.ts:367:7 › issue #71 QA — published qualifier on every schedule surface › AC6-QA6 — #37's two catalog surfaces still disclose it (this issue adds surfaces, it must not move any) (803ms)
  ok 16 [chromium] › e2e\issue-71-qa.spec.ts:418:11 › issue #71 QA — published qualifier on every schedule surface › AC6-QA7 — the block-face marker actually renders at desktop 1920x1080 (1.1s)
  ok 17 [chromium] › e2e\issue-71-qa.spec.ts:418:11 › issue #71 QA — published qualifier on every schedule surface › AC6-QA7 — the block-face marker actually renders at desktop 1920x1080 (moved to late testing) (1.1s)
  ok 18 [chromium] › e2e\issue-71-qa.spec.ts:418:11 › issue #71 QA — published qualifier on every schedule surface › AC6-QA7 — the block-face marker actually renders at tablet 1024x768 (991ms)
  ok 19 [chromium] › e2e\issue-71-qa.spec.ts:418:11 › issue #71 QA — published qualifier on every schedule surface › AC6-QA7 — the block-face marker actually renders at tablet 1024x768 (moved to late testing) (1.1s)
  ok 14 [chromium] › e2e\issue-71-qa.spec.ts:339:7 › issue #71 QA — published qualifier on every schedule surface › AC6-QA5 — no new serious/critical axe violation with the qualifier on screen (3.7s)
  x  22 [chromium] › e2e\issue-71-qa.spec.ts:471:9 › issue #71 QA — published qualifier on every schedule surface › evidence — qualifier on List + Calendar at desktop 1920x1080 (947ms)
  ok 20 [chromium] › e2e\issue-71-qa.spec.ts:418:11 › issue #71 QA — published qualifier on every schedule surface › AC6-QA7 — the block-face marker actually renders at mobile 375x667 (2.7s)
  ok 21 [chromium] › e2e\issue-71-qa.spec.ts:418:11 › issue #71 QA — published qualifier on every schedule surface › AC6-QA7 — the block-face marker actually renders at mobile 375x667 (moved to late testing) (1.9s)
  x  23 [chromium] › e2e\issue-71-qa.spec.ts:471:9 › issue #71 QA — published qualifier on every schedule surface › evidence — qualifier on List + Calendar at tablet 1024x768 (912ms)
  x  24 [chromium] › e2e\issue-71-qa.spec.ts:471:9 › issue #71 QA — published qualifier on every schedule surface › evidence — qualifier on List + Calendar at mobile 375x667 (2.7s)


  1) [chromium] › e2e\issue-71-exam-note.spec.ts:176:9 › issue #71 AC6 — published exam qualifier on the schedule surfaces › evidence — List and Calendar qualifier at desktop 1920x1080 with no horizontal overflow 

    Error: expect(received).toBe(expected) // Object.is equality

    Expected: 0
    Received: -10

      191 |       // PROJECT.md convention: no horizontal scroll (asserted at every width,
      192 |       // not just 375, because the note is the widest string on the row).
    > 193 |       expect(await horizontalOverflow(page)).toBe(0);
          |                                              ^
      194 |
      195 |       await pressViewChip(page, "Calendar");
      196 |       await expect(page.getByTestId("block-exam-note")).toBeVisible();
        at C:\Users\jonat\repos\AP-Exam-Planner\AP-Exam-Planner\.worktrees\issue-73-qa\e2e\issue-71-exam-note.spec.ts:193:46

    Error Context: test-results\issue-71-exam-note-issue-7-65650-with-no-horizontal-overflow-chromium\error-context.md

  2) [chromium] › e2e\issue-71-exam-note.spec.ts:176:9 › issue #71 AC6 — published exam qualifier on the schedule surfaces › evidence — List and Calendar qualifier at tablet 1024x768 with no horizontal overflow 

    Error: expect(received).toBe(expected) // Object.is equality

    Expected: 0
    Received: -10

      191 |       // PROJECT.md convention: no horizontal scroll (asserted at every width,
      192 |       // not just 375, because the note is the widest string on the row).
    > 193 |       expect(await horizontalOverflow(page)).toBe(0);
          |                                              ^
      194 |
      195 |       await pressViewChip(page, "Calendar");
      196 |       await expect(page.getByTestId("block-exam-note")).toBeVisible();
        at C:\Users\jonat\repos\AP-Exam-Planner\AP-Exam-Planner\.worktrees\issue-73-qa\e2e\issue-71-exam-note.spec.ts:193:46

    Error Context: test-results\issue-71-exam-note-issue-7-0f7ab-with-no-horizontal-overflow-chromium\error-context.md

  3) [chromium] › e2e\issue-71-exam-note.spec.ts:176:9 › issue #71 AC6 — published exam qualifier on the schedule surfaces › evidence — List and Calendar qualifier at mobile 375x667 with no horizontal overflow 

    Error: expect(received).toBe(expected) // Object.is equality

    Expected: 0
    Received: -10

      191 |       // PROJECT.md convention: no horizontal scroll (asserted at every width,
      192 |       // not just 375, because the note is the widest string on the row).
    > 193 |       expect(await horizontalOverflow(page)).toBe(0);
          |                                              ^
      194 |
      195 |       await pressViewChip(page, "Calendar");
      196 |       await expect(page.getByTestId("block-exam-note")).toBeVisible();
        at C:\Users\jonat\repos\AP-Exam-Planner\AP-Exam-Planner\.worktrees\issue-73-qa\e2e\issue-71-exam-note.spec.ts:193:46

    Error Context: test-results\issue-71-exam-note-issue-7-cf135-with-no-horizontal-overflow-chromium\error-context.md

  4) [chromium] › e2e\issue-71-qa.spec.ts:471:9 › issue #71 QA — published qualifier on every schedule surface › evidence — qualifier on List + Calendar at desktop 1920x1080 

    Error: the qualifier paragraph must not push the page sideways

    expect(received).toBe(expected) // Object.is equality

    Expected: 0
    Received: -10

      487 |         await horizontalOverflow(page),
      488 |         "the qualifier paragraph must not push the page sideways",
    > 489 |       ).toBe(0);
          |         ^
      490 |
      491 |       await pressViewChip(page, "Calendar");
      492 |       await gotoWeek(page, weekIndexOf(NOTED!.exam!.date) + 1);
        at C:\Users\jonat\repos\AP-Exam-Planner\AP-Exam-Planner\.worktrees\issue-73-qa\e2e\issue-71-qa.spec.ts:489:9

    Error Context: test-results\issue-71-qa-issue-71-QA-—--32f14-lendar-at-desktop-1920x1080-chromium\error-context.md

  5) [chromium] › e2e\issue-71-qa.spec.ts:471:9 › issue #71 QA — published qualifier on every schedule surface › evidence — qualifier on List + Calendar at tablet 1024x768 

    Error: the qualifier paragraph must not push the page sideways

    expect(received).toBe(expected) // Object.is equality

    Expected: 0
    Received: -10

      487 |         await horizontalOverflow(page),
      488 |         "the qualifier paragraph must not push the page sideways",
    > 489 |       ).toBe(0);
          |         ^
      490 |
      491 |       await pressViewChip(page, "Calendar");
      492 |       await gotoWeek(page, weekIndexOf(NOTED!.exam!.date) + 1);
        at C:\Users\jonat\repos\AP-Exam-Planner\AP-Exam-Planner\.worktrees\issue-73-qa\e2e\issue-71-qa.spec.ts:489:9

    Error Context: test-results\issue-71-qa-issue-71-QA-—--a49d2-Calendar-at-tablet-1024x768-chromium\error-context.md

  6) [chromium] › e2e\issue-71-qa.spec.ts:471:9 › issue #71 QA — published qualifier on every schedule surface › evidence — qualifier on List + Calendar at mobile 375x667 

    Error: the qualifier paragraph must not push the page sideways

    expect(received).toBe(expected) // Object.is equality

    Expected: 0
    Received: -10

      487 |         await horizontalOverflow(page),
      488 |         "the qualifier paragraph must not push the page sideways",
    > 489 |       ).toBe(0);
          |         ^
      490 |
      491 |       await pressViewChip(page, "Calendar");
      492 |       await gotoWeek(page, weekIndexOf(NOTED!.exam!.date) + 1);
        at C:\Users\jonat\repos\AP-Exam-Planner\AP-Exam-Planner\.worktrees\issue-73-qa\e2e\issue-71-qa.spec.ts:489:9

    Error Context: test-results\issue-71-qa-issue-71-QA-—--5e3b3--Calendar-at-mobile-375x667-chromium\error-context.md

  6 failed
    [chromium] › e2e\issue-71-exam-note.spec.ts:176:9 › issue #71 AC6 — published exam qualifier on the schedule surfaces › evidence — List and Calendar qualifier at desktop 1920x1080 with no horizontal overflow 
    [chromium] › e2e\issue-71-exam-note.spec.ts:176:9 › issue #71 AC6 — published exam qualifier on the schedule surfaces › evidence — List and Calendar qualifier at tablet 1024x768 with no horizontal overflow 
    [chromium] › e2e\issue-71-exam-note.spec.ts:176:9 › issue #71 AC6 — published exam qualifier on the schedule surfaces › evidence — List and Calendar qualifier at mobile 375x667 with no horizontal overflow 
    [chromium] › e2e\issue-71-qa.spec.ts:471:9 › issue #71 QA — published qualifier on every schedule surface › evidence — qualifier on List + Calendar at desktop 1920x1080 
    [chromium] › e2e\issue-71-qa.spec.ts:471:9 › issue #71 QA — published qualifier on every schedule surface › evidence — qualifier on List + Calendar at tablet 1024x768 
    [chromium] › e2e\issue-71-qa.spec.ts:471:9 › issue #71 QA — published qualifier on every schedule surface › evidence — qualifier on List + Calendar at mobile 375x667 
  18 passed (19.2s)

Running 6 tests using 2 workers

  x  2 [chromium] › e2e\issue-60-bounce1-meta-row.spec.ts:69:7 › bounce1 — tablet: the support pair renders as a quiet meta row below the attribution, with no rule and the footer's own muted type (935ms)
  x  1 [chromium] › e2e\issue-60-bounce1-meta-row.spec.ts:69:7 › bounce1 — mobile: the support pair renders as a quiet meta row below the attribution, with no rule and the footer's own muted type (953ms)
  ok 3 [chromium] › e2e\issue-60-bounce1-meta-row.spec.ts:239:5 › bounce1 — desktop: the pinned sidebar row keeps its approved presentation (bordered row, text label left, icon-only mark right) (838ms)
  ok 4 [chromium] › e2e\issue-60-bounce1-meta-row.spec.ts:282:5 › bounce1 — resizing desktop → mobile flips the placement with exactly one control of each kind still in the a11y tree (908ms)
  ok 6 [chromium] › e2e\issue-60-bounce1-meta-row.spec.ts:394:5 › bounce1 — dark mode: the meta row still resolves to the footer's own type and colour (711ms)
  ok 5 [chromium] › e2e\issue-60-bounce1-meta-row.spec.ts:337:5 › bounce1 — mobile: the feedback dialog still opens from the quiet meta row, traps focus, closes on Escape, and restores focus (852ms)


  1) [chromium] › e2e\issue-60-bounce1-meta-row.spec.ts:69:7 › bounce1 — mobile: the support pair renders as a quiet meta row below the attribution, with no rule and the footer's own muted type 

    Error: expect(received).toBe(expected) // Object.is equality

    Expected: 0
    Received: -10

      227 |           document.documentElement.clientWidth,
      228 |       ),
    > 229 |     ).toBe(0);
          |       ^
      230 |
      231 |     await page.screenshot({
      232 |       path: `${EVIDENCE_DIR}/${label}-quiet-meta-row.png`,
        at C:\Users\jonat\repos\AP-Exam-Planner\AP-Exam-Planner\.worktrees\issue-73-qa\e2e\issue-60-bounce1-meta-row.spec.ts:229:7

    Error Context: test-results\issue-60-bounce1-meta-row--77084-the-footer-s-own-muted-type-chromium\error-context.md

  2) [chromium] › e2e\issue-60-bounce1-meta-row.spec.ts:69:7 › bounce1 — tablet: the support pair renders as a quiet meta row below the attribution, with no rule and the footer's own muted type 

    Error: expect(received).toBe(expected) // Object.is equality

    Expected: 0
    Received: -10

      227 |           document.documentElement.clientWidth,
      228 |       ),
    > 229 |     ).toBe(0);
          |       ^
      230 |
      231 |     await page.screenshot({
      232 |       path: `${EVIDENCE_DIR}/${label}-quiet-meta-row.png`,
        at C:\Users\jonat\repos\AP-Exam-Planner\AP-Exam-Planner\.worktrees\issue-73-qa\e2e\issue-60-bounce1-meta-row.spec.ts:229:7

    Error Context: test-results\issue-60-bounce1-meta-row--5239b-the-footer-s-own-muted-type-chromium\error-context.md

  2 failed
    [chromium] › e2e\issue-60-bounce1-meta-row.spec.ts:69:7 › bounce1 — mobile: the support pair renders as a quiet meta row below the attribution, with no rule and the footer's own muted type 
    [chromium] › e2e\issue-60-bounce1-meta-row.spec.ts:69:7 › bounce1 — tablet: the support pair renders as a quiet meta row below the attribution, with no rule and the footer's own muted type 
  4 passed (7.5s)
