
Running 49 tests using 6 workers

  ok  5 [chromium] › e2e\issue-102-qa.spec.ts:180:7 › quick-jump clears the bar at the sm boundary (320px) (2.9s)
  ok  6 [chromium] › e2e\issue-102-qa.spec.ts:180:7 › quick-jump clears the bar at the sm boundary (639px) (2.9s)
  ok  4 [chromium] › e2e\issue-102-qa.spec.ts:180:7 › quick-jump clears the bar at the sm boundary (640px) (3.0s)
  ok  3 [chromium] › e2e\issue-102-qa.spec.ts:151:5 › the count keeps its VALUE (not just its position) through the no-match state (3.1s)
  ok  1 [chromium] › e2e\issue-102-qa.spec.ts:106:7 › the stuck search box actually filters from a deep scroll (mobile) (3.3s)
  ok  2 [chromium] › e2e\issue-102-qa.spec.ts:106:7 › the stuck search box actually filters from a deep scroll (desktop) (3.2s)
  ok  8 [chromium] › e2e\issue-102-qa.spec.ts:213:7 › chips scroll UNDER an opaque bar (light) (1.7s)
  ok  9 [chromium] › e2e\issue-102-qa.spec.ts:213:7 › chips scroll UNDER an opaque bar (dark) (1.7s)
  ok 11 [chromium] › e2e\issue-102-qa.spec.ts:291:5 › the pills — not the page — are what moves when the categories outrun the bar (1.8s)
  ok  7 [chromium] › e2e\issue-102-qa.spec.ts:180:7 › quick-jump clears the bar at the sm boundary (641px) (2.2s)
  ok 13 [chromium] › e2e\issue-102-qa.spec.ts:351:5 › the sr-only label still names the field by ROLE, and nothing else claims that name (1.9s)
  ok 10 [chromium] › e2e\issue-102-qa.spec.ts:263:5 › the right-pinned count never overlaps the pill list it sits next to (3.6s)
  ok 16 [chromium] › e2e\issue-102-qa.spec.ts:373:9 › evidence — tablet 1024x768 light (2.1s)
  ok 14 [chromium] › e2e\issue-102-qa.spec.ts:373:9 › evidence — desktop 1920x1080 light (2.6s)
  ok 15 [chromium] › e2e\issue-102-qa.spec.ts:373:9 › evidence — desktop 1920x1080 dark (2.5s)
  ok 12 [chromium] › e2e\issue-102-qa.spec.ts:336:5 › axe — the stuck bar and the no-match bar are both clean (4.6s)
  ok 20 [chromium] › e2e\issue-102-sticky-header.spec.ts:126:7 › AC1 — a single sticky bar replaces the two header lines › the bar carries the nav's old sticky chrome and holds all three controls (1.6s)
  ok 21 [chromium] › e2e\issue-102-sticky-header.spec.ts:180:7 › AC1 — a single sticky bar replaces the two header lines › desktop is one row: search left of the first pill, count flush right (1.6s)
  ok 17 [chromium] › e2e\issue-102-qa.spec.ts:373:9 › evidence — tablet 1024x768 dark (2.6s)
  ok 22 [chromium] › e2e\issue-102-sticky-header.spec.ts:225:7 › AC2 — responsive shape of the bar › below sm the bar wraps internally, keeps all three controls, and bleeds edge-to-edge (1.5s)
  ok 18 [chromium] › e2e\issue-102-qa.spec.ts:373:9 › evidence — mobile 375x667 light (2.7s)
  ok 19 [chromium] › e2e\issue-102-qa.spec.ts:373:9 › evidence — mobile 375x667 dark (2.3s)
  ok 24 [chromium] › e2e\issue-102-sticky-header.spec.ts:319:5 › AC3 — search keeps id + "Search subjects" name via an sr-only label; count keeps aria-live (1.8s)
  ok 23 [chromium] › e2e\issue-102-sticky-header.spec.ts:288:7 › AC2 — responsive shape of the bar › at sm and up it is a single row inset with the catalog column (2.0s)
  ok 28 [chromium] › e2e\issue-102-sticky-header.spec.ts:391:7 › AC5 — scrolled deep at mobile 375x667: search, pills and count all stay pinned, no h-overflow (1.6s)
  ok 27 [chromium] › e2e\issue-102-sticky-header.spec.ts:391:7 › AC5 — scrolled deep at tablet 1024x768: search, pills and count all stay pinned, no h-overflow (1.8s)
  ok 26 [chromium] › e2e\issue-102-sticky-header.spec.ts:391:7 › AC5 — scrolled deep at desktop 1920x1080: search, pills and count all stay pinned, no h-overflow (1.9s)
  ok 25 [chromium] › e2e\issue-102-sticky-header.spec.ts:356:5 › AC4 — a query that matches nothing keeps the search + count in the sticky bar (2.1s)
  ok 32 [chromium] › e2e\issue-102-sticky-header.spec.ts:496:5 › AC6 (mobile) — the wrapped bar still clears the jumped-to heading at 375px (1.9s)
  ok 30 [chromium] › e2e\issue-102-sticky-header.spec.ts:444:5 › AC6 — tab order is search → pills with visible focus rings, and quick-jump still scrolls + focuses (2.4s)
  ok 31 [chromium] › e2e\issue-102-sticky-header.spec.ts:526:5 › #75 interplay — opening the InfoPanel while scrolled leaves the bar pinned (2.3s)
  ok 29 [chromium] › e2e\issue-102-sticky-header.spec.ts:418:5 › AC8 — toggling a subject updates the count while the bar is stuck (2.5s)
  ok 34 [chromium] › e2e\issue-102-sticky-header.spec.ts:564:9 › evidence — sticky header scrolled (desktop 1920x1080, dark) (2.2s)
  ok 33 [chromium] › e2e\issue-102-sticky-header.spec.ts:564:9 › evidence — sticky header scrolled (desktop 1920x1080, light) (2.5s)
  ok 37 [chromium] › e2e\issue-102-sticky-header.spec.ts:564:9 › evidence — sticky header scrolled (mobile 375x667, dark) (2.3s)
  ok 36 [chromium] › e2e\issue-102-sticky-header.spec.ts:564:9 › evidence — sticky header scrolled (tablet 1024x768, dark) (2.5s)
  ok 35 [chromium] › e2e\issue-102-sticky-header.spec.ts:564:9 › evidence — sticky header scrolled (tablet 1024x768, light) (2.8s)
  ok 38 [chromium] › e2e\issue-102-sticky-header.spec.ts:564:9 › evidence — sticky header scrolled (mobile 375x667, light) (2.4s)
  ok 40 [chromium] › e2e\issue-108-qa.spec.ts:159:7 › Shift+Tab backwards never parks a chip behind the sticky header (desktop) (3.4s)
  ok 39 [chromium] › e2e\issue-108-qa.spec.ts:159:7 › Shift+Tab backwards never parks a chip behind the sticky header (mobile) (3.6s)
  ok 43 [chromium] › e2e\issue-108-qa.spec.ts:206:5 › AC4 — Tab forward through the first chips still lands each button in view (2.7s)
  ok 44 [chromium] › e2e\issue-108-qa.spec.ts:240:9 › evidence — desktop 1920x1080 light (2.9s)
  ok 46 [chromium] › e2e\issue-108-qa.spec.ts:240:9 › evidence — tablet 1024x768 light (1.8s)
  ok 45 [chromium] › e2e\issue-108-qa.spec.ts:240:9 › evidence — desktop 1920x1080 dark (1.9s)
  ok 41 [chromium] › e2e\issue-108-qa.spec.ts:182:7 › Shift+Tab clears the correct header height at the sm boundary (639px) (3.4s)
  ok 42 [chromium] › e2e\issue-108-qa.spec.ts:182:7 › Shift+Tab clears the correct header height at the sm boundary (640px) (4.0s)
  ok 48 [chromium] › e2e\issue-108-qa.spec.ts:240:9 › evidence — mobile 375x667 light (1.4s)
  ok 49 [chromium] › e2e\issue-108-qa.spec.ts:240:9 › evidence — mobile 375x667 dark (1.3s)
  ok 47 [chromium] › e2e\issue-108-qa.spec.ts:240:9 › evidence — tablet 1024x768 dark (1.7s)

  49 passed (25.9s)
